=== [CI/CD E2E Test Suite] ===

Running Unit Test: SSL Exempt Domains Client Check...
Unit Test Passed: SSL Exempt Client check.

Running Unit Test: Domain Delays Matching...
Unit Test Passed: Domain Delays Matching.

Running Unit Test: Config Merge and Environment Override...
WARNING:root:個別設定的 max_depth 為無限制，但全域最大限制為 10，強制套用。
WARNING:root:個別設定的 max_pages 為無限制，但全域最大限制為 10000，強制套用。
Unit Test Passed: Config Merge and Environment Override.
Starting Mock Server: /home/mfhsieh/projects/python/ext-link-checker/.venv/bin/python test/test_server/server.py 8080
Mock Server is ready.
Running Crawler: /home/mfhsieh/projects/python/ext-link-checker/.venv/bin/python cli.py -c job/test_job.yaml
